// Jest Snapshot v1, https://goo.gl/fbAQLP

exports[`Container Component should match snapshot 1`] = `
<div>
  <div
    class="container "
  />
</div>
`;
